components/Kanban/Card.tsx(188,283): error TS1005: '</' expected.
components/Kanban/Card.tsx(189,1): error TS1185: Merge conflict marker encountered.
components/Kanban/Card.tsx(190,1): error TS1185: Merge conflict marker encountered.
components/Kanban/Card.tsx(191,1): error TS1185: Merge conflict marker encountered.
components/Kanban/Card.tsx(192,1): error TS1185: Merge conflict marker encountered.
components/Kanban/Card.tsx(201,13): error TS1128: Declaration or statement expected.
components/Kanban/Card.tsx(202,11): error TS1109: Expression expected.
components/Kanban/Card.tsx(203,9): error TS1109: Expression expected.
components/Kanban/Card.tsx(204,7): error TS1109: Expression expected.
components/Kanban/Card.tsx(205,5): error TS1109: Expression expected.
components/Kanban/Card.tsx(206,3): error TS1109: Expression expected.
components/Kanban/Card.tsx(207,1): error TS1128: Declaration or statement expected.
components/Modals/CardModal.tsx(360,3): error TS1128: Declaration or statement expected.
components/Modals/CardModal.tsx(407,3): error TS1128: Declaration or statement expected.
components/Modals/CardModal.tsx(1166,1): error TS1185: Merge conflict marker encountered.
components/Modals/CardModal.tsx(1180,1): error TS1185: Merge conflict marker encountered.
components/Modals/CardModal.tsx(1203,1): error TS1185: Merge conflict marker encountered.
components/Modals/CardModal.tsx(1211,1): error TS1185: Merge conflict marker encountered.
components/Modals/CardModal.tsx(1214,1): error TS1185: Merge conflict marker encountered.
components/Modals/CardModal.tsx(1224,1): error TS1185: Merge conflict marker encountered.
components/Modals/CardModal.tsx(1225,1): error TS1185: Merge conflict marker encountered.
components/Modals/CardModal.tsx(1247,1): error TS1128: Declaration or statement expected.
